[E1 Base] bloque-10.json | ID: enf_anatomia_10_0
[E1 Base] bloque-10.json | ID: enf_anatomia_10_0-v2
[E1 Base] bloque-11.json | ID: enf_anatomia_11_0
[E1 Base] bloque-11.json | ID: enf_anatomia_11_0-v2
[E1 Base] bloque-12.json | ID: enf_anatomia_12_0
[E1 Base] bloque-12.json | ID: enf_anatomia_12_0-v2
[E1 Base] bloque-13.json | ID: enf_anatomia_13_0
[E1 Base] bloque-13.json | ID: enf_anatomia_13_0-v2
[E1 Base] bloque-14.json | ID: enf_anatomia_14_0
[E1 Base] bloque-14.json | ID: enf_anatomia_14_0-v2
[E1 Base] bloque-5.json | ID: enf_anatomia_5_0
[E1 Base] bloque-5.json | ID: enf_anatomia_5_0-v2
[E1 Base] bloque-6.json | ID: enf_anatomia_6_0
[E1 Base] bloque-6.json | ID: enf_anatomia_6_0-v2
[E1 Base] bloque-7.json | ID: enf_anatomia_7_0
[E1 Base] bloque-7.json | ID: enf_anatomia_7_0-v2
[E1 Base] bloque-8.json | ID: enf_anatomia_8_0
[E1 Base] bloque-8.json | ID: enf_anatomia_8_0-v2
[E1 Base] bloque-9.json | ID: enf_anatomia_9_0
[E1 Base] bloque-9.json | ID: enf_anatomia_9_0-v2
[E1 Base] bloque-10.json | ID: enf_fundamentos_10_0
[E1 Base] bloque-10.json | ID: enf_fundamentos_10_0-v2
[E1 Base] bloque-11.json | ID: enf_fundamentos_11_0
[E1 Base] bloque-11.json | ID: enf_fundamentos_11_0-v2
[E1 Base] bloque-12.json | ID: enf_fundamentos_12_0
[E1 Base] bloque-12.json | ID: enf_fundamentos_12_0-v2
[E1 Base] bloque-13.json | ID: enf_fundamentos_13_0
[E1 Base] bloque-13.json | ID: enf_fundamentos_13_0-v2
[E1 Base] bloque-14.json | ID: enf_fundamentos_14_0
[E1 Base] bloque-14.json | ID: enf_fundamentos_14_0-v2
[E1 Base] bloque-15.json | ID: enf_fundamentos_15_0
[E1 Base] bloque-15.json | ID: enf_fundamentos_15_0-v2
[E1 Base] bloque-6.json | ID: enf_fundamentos_6_0
[E1 Base] bloque-6.json | ID: enf_fundamentos_6_0-v2
[E1 Base] bloque-7.json | ID: enf_fundamentos_7_0
[E1 Base] bloque-7.json | ID: enf_fundamentos_7_0-v2
[E1 Base] bloque-8.json | ID: enf_fundamentos_8_0
[E1 Base] bloque-8.json | ID: enf_fundamentos_8_0-v2
[E1 Base] bloque-9.json | ID: enf_fundamentos_9_0
[E1 Base] bloque-9.json | ID: enf_fundamentos_9_0-v2
[E1 Base] bloque-2.json | ID: enf_gestion_2_0
[E1 Base] bloque-2.json | ID: enf_gestion_2_0-v2
[E1 Base] bloque-3.json | ID: enf_gestion_3_0
[E1 Base] bloque-3.json | ID: enf_gestion_3_0-v2
[E1 Base] bloque-4.json | ID: enf_gestion_4_0
[E1 Base] bloque-4.json | ID: enf_gestion_4_0-v2
[E1 Base] bloque-5.json | ID: enf_gestion_5_0
[E1 Base] bloque-5.json | ID: enf_gestion_5_0-v2
[E1 Base] bloque-6.json | ID: enf_gestion_6_0
[E1 Base] bloque-6.json | ID: enf_gestion_6_0-v2
[E1 Base] bloque-10.json | ID: enf_pae_10_0
[E1 Base] bloque-10.json | ID: enf_pae_10_0-v2
[E1 Base] bloque-2.json | ID: enf_pae_2_0
[E1 Base] bloque-2.json | ID: enf_pae_2_0-v2
[E1 Base] bloque-3.json | ID: enf_pae_3_0
[E1 Base] bloque-3.json | ID: enf_pae_3_0-v2
[E1 Base] bloque-4.json | ID: enf_pae_4_0
[E1 Base] bloque-4.json | ID: enf_pae_4_0-v2
[E1 Base] bloque-5.json | ID: enf_pae_5_0
[E1 Base] bloque-5.json | ID: enf_pae_5_0-v2
[E1 Base] bloque-6.json | ID: enf_pae_6_0
[E1 Base] bloque-6.json | ID: enf_pae_6_0-v2
[E1 Base] bloque-7.json | ID: enf_pae_7_0
[E1 Base] bloque-7.json | ID: enf_pae_7_0-v2
[E1 Base] bloque-8.json | ID: enf_pae_8_0
[E1 Base] bloque-8.json | ID: enf_pae_8_0-v2
[E1 Base] bloque-9.json | ID: enf_pae_9_0
[E1 Base] bloque-9.json | ID: enf_pae_9_0-v2